// Jest Snapshot v1, https://goo.gl/fbAQLP

exports[`Тестирование отрисовки блока с кнопками renders with initial state 1`] = `<div />`;
