// Jest Snapshot v1, https://goo.gl/fbAQLP

exports[`TaskTablePage проверка рендера TaskTablePage 1`] = `
<div>
  <div
    data-testid="TaskInputElement"
  />
</div>
`;
